#-----------------------------------------------------------
# Vivado v2017.4 (64-bit)
# SW Build 2086221 on Fri Dec 15 20:55:39 MST 2017
# IP Build 2085800 on Fri Dec 15 22:25:07 MST 2017
# Start of session at: Tue Dec 10 12:04:19 2019
# Process ID: 9392
# Current directory: M:/Digital_Design/Labs/group_project/Mem_subsyst_ full_interg
# Command line: vivado.exe -gui_launcher_event rodinguilauncherevent6436 M:\Digital_Design\Labs\group_project\Mem_subsyst_ full_interg\Mem_subsyst_ full_interg.xpr
# Log file: M:/Digital_Design/Labs/group_project/Mem_subsyst_ full_interg/vivado.log
# Journal file: M:/Digital_Design/Labs/group_project/Mem_subsyst_ full_interg\vivado.jou
#-----------------------------------------------------------
start_gui
open_project {M:/Digital_Design/Labs/group_project/Mem_subsyst_ full_interg/Mem_subsyst_ full_interg.xpr}
update_compile_order -fileset sources_1
launch_simulation
open_wave_config {M:/Digital_Design/Labs/group_project/Mem_subsyst_ full_interg/Mem_Subsys_Full_TB_behav.wcfg}
source Mem_Subsys_Full_TB.tcl
run 10 us
save_wave_config {M:/Digital_Design/Labs/group_project/Mem_subsyst_ full_interg/Mem_Subsys_Full_TB_behav.wcfg}
relaunch_sim
relaunch_sim
run 10 us
relaunch_sim
relaunch_sim
relaunch_sim
save_wave_config {M:/Digital_Design/Labs/group_project/Mem_subsyst_ full_interg/Mem_Subsys_Full_TB_behav.wcfg}
save_wave_config {M:/Digital_Design/Labs/group_project/Mem_subsyst_ full_interg/Mem_Subsys_Full_TB_behav.wcfg}
run 10 us
relaunch_sim
run 10 us
save_wave_config {M:/Digital_Design/Labs/group_project/Mem_subsyst_ full_interg/Mem_Subsys_Full_TB_behav.wcfg}
save_wave_config {M:/Digital_Design/Labs/group_project/Mem_subsyst_ full_interg/Mem_Subsys_Full_TB_behav.wcfg}
save_wave_config {M:/Digital_Design/Labs/group_project/Mem_subsyst_ full_interg/Mem_Subsys_Full_TB_behav.wcfg}
